******************************************************************************
                  TI ARM Linker PC v20.2.7                     
******************************************************************************
>> Linked Sun Aug 27 23:42:02 2023

OUTPUT FILE NAME:   <button_timer.out>
ENTRY POINT SYMBOL: "_c_int00_noinit_noargs"  address: 00000c31


MEMORY CONFIGURATION

         name            origin    length      used     unused   attr    fill
----------------------  --------  ---------  --------  --------  ----  --------
  FLASH                 00000000   00040000  00000c84  0003f37c  R  X
  SRAM                  20000000   00008000  00000200  00007e00  RW X


SEGMENT ALLOCATION MAP

run origin  load origin   length   init length attrs members
----------  ----------- ---------- ----------- ----- -------
00000000    00000000    00000c84   00000c84    r-x
  00000000    00000000    0000026c   0000026c    r-- .intvecs
  0000026c    0000026c    00000a18   00000a18    r-x .text
20000000    20000000    00000200   00000000    rw-
  20000000    20000000    00000200   00000000    rw- .stack


SECTION ALLOCATION MAP

 output                                  attributes/
section   page    origin      length       input sections
--------  ----  ----------  ----------   ----------------
.intvecs   0    00000000    0000026c     
                  00000000    0000026c     tm4c123gh6pm_startup_ccs.obj (.intvecs)

.text      0    0000026c    00000a18     
                  0000026c    00000714     DIO.obj (.text)
                  00000980    000001a4     timer_captureTime.obj (.text)
                  00000b24    0000010c     rgb_app.obj (.text)
                  00000c30    0000002c     rtsv7M4_T_le_v4SPD16_eabi.lib : boot_cortex_m.c.obj (.text:_c_int00_noinit_noargs:_c_int00_noinit_noargs)
                  00000c5c    00000014     main.obj (.text)
                  00000c70    0000000c     tm4c123gh6pm_startup_ccs.obj (.text)
                  00000c7c    00000004     rtsv7M4_T_le_v4SPD16_eabi.lib : pre_init.c.obj (.text:_system_pre_init)
                  00000c80    00000004                                   : exit.c.obj (.text:abort:abort)

.cinit     0    00000000    00000000     UNINITIALIZED

.init_array 
*          0    00000000    00000000     UNINITIALIZED

.stack     0    20000000    00000200     UNINITIALIZED
                  20000000    00000004     rtsv7M4_T_le_v4SPD16_eabi.lib : boot_cortex_m.c.obj (.stack)
                  20000004    000001fc     --HOLE--

__llvm_prf_cnts 
*          0    20000000    00000000     UNINITIALIZED

MODULE SUMMARY

       Module                         code   ro data   rw data
       ------                         ----   -------   -------
    .\
       DIO.obj                        1812   0         0      
       tm4c123gh6pm_startup_ccs.obj   12     620       0      
       timer_captureTime.obj          420    0         0      
       rgb_app.obj                    268    0         0      
       main.obj                       20     0         0      
    +--+------------------------------+------+---------+---------+
       Total:                         2532   620       0      
                                                              
    C:\ti\ccs1230\ccs\tools\compiler\ti-cgt-arm_20.2.7.LTS\lib\rtsv7M4_T_le_v4SPD16_eabi.lib
       boot_cortex_m.c.obj            44     0         0      
       exit.c.obj                     4      0         0      
       pre_init.c.obj                 4      0         0      
    +--+------------------------------+------+---------+---------+
       Total:                         52     0         0      
                                                              
       Stack:                         0      0         512    
    +--+------------------------------+------+---------+---------+
       Grand Total:                   2584   620       512    


GLOBAL SYMBOLS: SORTED ALPHABETICALLY BY Name 

address   name                   
-------   ----                   
00000c81  C$$EXIT                
0000026d  DIO_Init               
000002c5  DIO_Write_Pin          
00000525  DIO_configurePin       
0000044f  DIO_readPin            
00000b7b  LedInit                
00000c71  ResetISR               
20000200  __STACK_END            
00000200  __STACK_SIZE           
20000200  __STACK_TOP            
ffffffff  __TI_pprof_out_hndl    
ffffffff  __TI_prof_data_size    
ffffffff  __TI_prof_data_start   
00000000  __TI_static_base__     
ffffffff  __binit__              
ffffffff  __c_args__             
UNDEFED   __mpu_init             
20000000  __stack                
20000000  __start___llvm_prf_cnts
20000000  __stop___llvm_prf_cnts 
00000c31  _c_int00_noinit_noargs 
00000c7d  _system_pre_init       
00000c81  abort                  
ffffffff  binit                  
00000b25  buttonInit             
00000000  g_pfnVectors           
00000c5d  main                   
00000acd  seconds_to_ticks       
000009f7  wtimer2Handler         
00000981  wtimer2_Init           


GLOBAL SYMBOLS: SORTED BY Symbol Address 

address   name                   
-------   ----                   
00000000  __TI_static_base__     
00000000  g_pfnVectors           
00000200  __STACK_SIZE           
0000026d  DIO_Init               
000002c5  DIO_Write_Pin          
0000044f  DIO_readPin            
00000525  DIO_configurePin       
00000981  wtimer2_Init           
000009f7  wtimer2Handler         
00000acd  seconds_to_ticks       
00000b25  buttonInit             
00000b7b  LedInit                
00000c31  _c_int00_noinit_noargs 
00000c5d  main                   
00000c71  ResetISR               
00000c7d  _system_pre_init       
00000c81  C$$EXIT                
00000c81  abort                  
20000000  __stack                
20000000  __start___llvm_prf_cnts
20000000  __stop___llvm_prf_cnts 
20000200  __STACK_END            
20000200  __STACK_TOP            
ffffffff  __TI_pprof_out_hndl    
ffffffff  __TI_prof_data_size    
ffffffff  __TI_prof_data_start   
ffffffff  __binit__              
ffffffff  __c_args__             
ffffffff  binit                  
UNDEFED   __mpu_init             

[30 symbols]
